Archive member included to satisfy reference by file (symbol)

c:/program files (x86)/atmel/studio/7.0/toolchain/avr8/avr8-gnu-toolchain/bin/../lib/gcc/avr/4.9.2/../../../../avr/lib/avr5\libm.a(addsf3.o)
                              motor_control.o (__subsf3)
c:/program files (x86)/atmel/studio/7.0/toolchain/avr8/avr8-gnu-toolchain/bin/../lib/gcc/avr/4.9.2/../../../../avr/lib/avr5\libm.a(addsf3x.o)
                              c:/program files (x86)/atmel/studio/7.0/toolchain/avr8/avr8-gnu-toolchain/bin/../lib/gcc/avr/4.9.2/../../../../avr/lib/avr5\libm.a(addsf3.o) (__addsf3x)
c:/program files (x86)/atmel/studio/7.0/toolchain/avr8/avr8-gnu-toolchain/bin/../lib/gcc/avr/4.9.2/../../../../avr/lib/avr5\libm.a(fixsfsi.o)
                              motor_control.o (__fixsfsi)
c:/program files (x86)/atmel/studio/7.0/toolchain/avr8/avr8-gnu-toolchain/bin/../lib/gcc/avr/4.9.2/../../../../avr/lib/avr5\libm.a(fixunssfsi.o)
                              c:/program files (x86)/atmel/studio/7.0/toolchain/avr8/avr8-gnu-toolchain/bin/../lib/gcc/avr/4.9.2/../../../../avr/lib/avr5\libm.a(fixsfsi.o) (__fixunssfsi)
c:/program files (x86)/atmel/studio/7.0/toolchain/avr8/avr8-gnu-toolchain/bin/../lib/gcc/avr/4.9.2/../../../../avr/lib/avr5\libm.a(floatsisf.o)
                              motor_control.o (__floatunsisf)
c:/program files (x86)/atmel/studio/7.0/toolchain/avr8/avr8-gnu-toolchain/bin/../lib/gcc/avr/4.9.2/../../../../avr/lib/avr5\libm.a(fp_inf.o)
                              c:/program files (x86)/atmel/studio/7.0/toolchain/avr8/avr8-gnu-toolchain/bin/../lib/gcc/avr/4.9.2/../../../../avr/lib/avr5\libm.a(addsf3x.o) (__fp_inf)
c:/program files (x86)/atmel/studio/7.0/toolchain/avr8/avr8-gnu-toolchain/bin/../lib/gcc/avr/4.9.2/../../../../avr/lib/avr5\libm.a(fp_nan.o)
                              c:/program files (x86)/atmel/studio/7.0/toolchain/avr8/avr8-gnu-toolchain/bin/../lib/gcc/avr/4.9.2/../../../../avr/lib/avr5\libm.a(addsf3x.o) (__fp_nan)
c:/program files (x86)/atmel/studio/7.0/toolchain/avr8/avr8-gnu-toolchain/bin/../lib/gcc/avr/4.9.2/../../../../avr/lib/avr5\libm.a(fp_pscA.o)
                              c:/program files (x86)/atmel/studio/7.0/toolchain/avr8/avr8-gnu-toolchain/bin/../lib/gcc/avr/4.9.2/../../../../avr/lib/avr5\libm.a(addsf3x.o) (__fp_pscA)
c:/program files (x86)/atmel/studio/7.0/toolchain/avr8/avr8-gnu-toolchain/bin/../lib/gcc/avr/4.9.2/../../../../avr/lib/avr5\libm.a(fp_pscB.o)
                              c:/program files (x86)/atmel/studio/7.0/toolchain/avr8/avr8-gnu-toolchain/bin/../lib/gcc/avr/4.9.2/../../../../avr/lib/avr5\libm.a(addsf3x.o) (__fp_pscB)
c:/program files (x86)/atmel/studio/7.0/toolchain/avr8/avr8-gnu-toolchain/bin/../lib/gcc/avr/4.9.2/../../../../avr/lib/avr5\libm.a(fp_round.o)
                              c:/program files (x86)/atmel/studio/7.0/toolchain/avr8/avr8-gnu-toolchain/bin/../lib/gcc/avr/4.9.2/../../../../avr/lib/avr5\libm.a(addsf3.o) (__fp_round)
c:/program files (x86)/atmel/studio/7.0/toolchain/avr8/avr8-gnu-toolchain/bin/../lib/gcc/avr/4.9.2/../../../../avr/lib/avr5\libm.a(fp_split3.o)
                              c:/program files (x86)/atmel/studio/7.0/toolchain/avr8/avr8-gnu-toolchain/bin/../lib/gcc/avr/4.9.2/../../../../avr/lib/avr5\libm.a(addsf3x.o) (__fp_split3)
c:/program files (x86)/atmel/studio/7.0/toolchain/avr8/avr8-gnu-toolchain/bin/../lib/gcc/avr/4.9.2/../../../../avr/lib/avr5\libm.a(fp_zero.o)
                              c:/program files (x86)/atmel/studio/7.0/toolchain/avr8/avr8-gnu-toolchain/bin/../lib/gcc/avr/4.9.2/../../../../avr/lib/avr5\libm.a(addsf3x.o) (__fp_zero)
c:/program files (x86)/atmel/studio/7.0/toolchain/avr8/avr8-gnu-toolchain/bin/../lib/gcc/avr/4.9.2/../../../../avr/lib/avr5\libm.a(mulsf3.o)
                              motor_control.o (__mulsf3)
c:/program files (x86)/atmel/studio/7.0/toolchain/avr8/avr8-gnu-toolchain/bin/../lib/gcc/avr/4.9.2/../../../../avr/lib/avr5\libm.a(mulsf3x.o)
                              c:/program files (x86)/atmel/studio/7.0/toolchain/avr8/avr8-gnu-toolchain/bin/../lib/gcc/avr/4.9.2/../../../../avr/lib/avr5\libm.a(mulsf3.o) (__mulsf3x)
c:/program files (x86)/atmel/studio/7.0/toolchain/avr8/avr8-gnu-toolchain/bin/../lib/gcc/avr/4.9.2/avr5\libgcc.a(_exit.o)
                              C:/Program Files (x86)/Atmel/Studio/7.0/Packs/atmel/ATmega_DFP/1.0.90/gcc/dev/atmega32/avr5/crtatmega32.o (exit)
c:/program files (x86)/atmel/studio/7.0/toolchain/avr8/avr8-gnu-toolchain/bin/../lib/gcc/avr/4.9.2/avr5\libgcc.a(_tablejump2.o)
                              LED_control.o (__tablejump2__)
c:/program files (x86)/atmel/studio/7.0/toolchain/avr8/avr8-gnu-toolchain/bin/../lib/gcc/avr/4.9.2/avr5\libgcc.a(_copy_data.o)
                              bluetooth.o (__do_copy_data)
c:/program files (x86)/atmel/studio/7.0/toolchain/avr8/avr8-gnu-toolchain/bin/../lib/gcc/avr/4.9.2/avr5\libgcc.a(_clear_bss.o)
                              ADC.o (__do_clear_bss)
c:/program files (x86)/atmel/studio/7.0/toolchain/avr8/avr8-gnu-toolchain/bin/../lib/gcc/avr/4.9.2/../../../../avr/lib/avr5\libc.a(sprintf.o)
                              buttonMenu.o (sprintf)
c:/program files (x86)/atmel/studio/7.0/toolchain/avr8/avr8-gnu-toolchain/bin/../lib/gcc/avr/4.9.2/../../../../avr/lib/avr5\libc.a(vfprintf_std.o)
                              c:/program files (x86)/atmel/studio/7.0/toolchain/avr8/avr8-gnu-toolchain/bin/../lib/gcc/avr/4.9.2/../../../../avr/lib/avr5\libc.a(sprintf.o) (vfprintf)
c:/program files (x86)/atmel/studio/7.0/toolchain/avr8/avr8-gnu-toolchain/bin/../lib/gcc/avr/4.9.2/../../../../avr/lib/avr5\libc.a(strnlen_P.o)
                              c:/program files (x86)/atmel/studio/7.0/toolchain/avr8/avr8-gnu-toolchain/bin/../lib/gcc/avr/4.9.2/../../../../avr/lib/avr5\libc.a(vfprintf_std.o) (strnlen_P)
c:/program files (x86)/atmel/studio/7.0/toolchain/avr8/avr8-gnu-toolchain/bin/../lib/gcc/avr/4.9.2/../../../../avr/lib/avr5\libc.a(strnlen.o)
                              c:/program files (x86)/atmel/studio/7.0/toolchain/avr8/avr8-gnu-toolchain/bin/../lib/gcc/avr/4.9.2/../../../../avr/lib/avr5\libc.a(vfprintf_std.o) (strnlen)
c:/program files (x86)/atmel/studio/7.0/toolchain/avr8/avr8-gnu-toolchain/bin/../lib/gcc/avr/4.9.2/../../../../avr/lib/avr5\libc.a(fputc.o)
                              c:/program files (x86)/atmel/studio/7.0/toolchain/avr8/avr8-gnu-toolchain/bin/../lib/gcc/avr/4.9.2/../../../../avr/lib/avr5\libc.a(vfprintf_std.o) (fputc)
c:/program files (x86)/atmel/studio/7.0/toolchain/avr8/avr8-gnu-toolchain/bin/../lib/gcc/avr/4.9.2/../../../../avr/lib/avr5\libc.a(ultoa_invert.o)
                              c:/program files (x86)/atmel/studio/7.0/toolchain/avr8/avr8-gnu-toolchain/bin/../lib/gcc/avr/4.9.2/../../../../avr/lib/avr5\libc.a(vfprintf_std.o) (__ultoa_invert)
c:/program files (x86)/atmel/studio/7.0/toolchain/avr8/avr8-gnu-toolchain/bin/../lib/gcc/avr/4.9.2/avr5\libgcc.a(_prologue.o)
                              c:/program files (x86)/atmel/studio/7.0/toolchain/avr8/avr8-gnu-toolchain/bin/../lib/gcc/avr/4.9.2/../../../../avr/lib/avr5\libc.a(sprintf.o) (__prologue_saves__)
c:/program files (x86)/atmel/studio/7.0/toolchain/avr8/avr8-gnu-toolchain/bin/../lib/gcc/avr/4.9.2/avr5\libgcc.a(_epilogue.o)
                              c:/program files (x86)/atmel/studio/7.0/toolchain/avr8/avr8-gnu-toolchain/bin/../lib/gcc/avr/4.9.2/../../../../avr/lib/avr5\libc.a(sprintf.o) (__epilogue_restores__)

Allocating common symbols
Common symbol       size              file

menuStr2            0xe               buttonMenu.o
ReceivedByte        0x1               bluetooth.o
ADC0Str             0xa               ADC.o
menuStr1            0xe               buttonMenu.o

Discarded input sections

 .data          0x00000000        0x0 C:/Program Files (x86)/Atmel/Studio/7.0/Packs/atmel/ATmega_DFP/1.0.90/gcc/dev/atmega32/avr5/crtatmega32.o
 .bss           0x00000000        0x0 C:/Program Files (x86)/Atmel/Studio/7.0/Packs/atmel/ATmega_DFP/1.0.90/gcc/dev/atmega32/avr5/crtatmega32.o
 .text          0x00000000        0x0 ADC.o
 .data          0x00000000        0x0 ADC.o
 .bss           0x00000000        0x0 ADC.o
 COMMON         0x00000000        0xa ADC.o
 .text          0x00000000        0x0 bluetooth.o
 .data          0x00000000        0x0 bluetooth.o
 .bss           0x00000000        0x0 bluetooth.o
 .text.USARTWriteChar
                0x00000000        0x8 bluetooth.o
 .text.bluetoothScan
                0x00000000       0x8a bluetooth.o
 .rodata.str1.1
                0x00000000        0xf bluetooth.o
 .text.bluetoothControl
                0x00000000       0xd8 bluetooth.o
 .text          0x00000000        0x0 buttonMenu.o
 .data          0x00000000        0x0 buttonMenu.o
 .bss           0x00000000        0x0 buttonMenu.o
 .text.buttonPressed
                0x00000000       0x10 buttonMenu.o
 .text          0x00000000        0x0 Floor_sensor.o
 .data          0x00000000        0x0 Floor_sensor.o
 .bss           0x00000000        0x0 Floor_sensor.o
 .text          0x00000000        0x0 lcd.o
 .data          0x00000000        0x0 lcd.o
 .bss           0x00000000        0x0 lcd.o
 .text.LCD_write_byte
                0x00000000       0x26 lcd.o
 .text          0x00000000        0x0 LED_control.o
 .data          0x00000000        0x0 LED_control.o
 .bss           0x00000000        0x0 LED_control.o
 .text.LEDDisable
                0x00000000        0x4 LED_control.o
 .text.LEDLcdBackLightOn
                0x00000000       0x10 LED_control.o
 .text.LEDLcdBackLightOff
                0x00000000       0x10 LED_control.o
 .text.LEDChangeLed
                0x00000000       0x18 LED_control.o
 .text.setRed   0x00000000        0xc LED_control.o
 .text.setGreen
                0x00000000        0xc LED_control.o
 .text.setBlue  0x00000000        0xc LED_control.o
 .text          0x00000000        0x0 Logic.o
 .data          0x00000000        0x0 Logic.o
 .bss           0x00000000        0x0 Logic.o
 .text.getStopFlag
                0x00000000        0x6 Logic.o
 .text.getHighSpeedFlag
                0x00000000        0x6 Logic.o
 .rodata.str1.1
                0x00000000        0xf Logic.o
 .text.test     0x00000000       0x86 Logic.o
 .text          0x00000000        0x0 main.o
 .data          0x00000000        0x0 main.o
 .bss           0x00000000        0x0 main.o
 .text          0x00000000        0x0 motor_control.o
 .data          0x00000000        0x0 motor_control.o
 .bss           0x00000000        0x0 motor_control.o
 .text.disableHBridge
                0x00000000        0x4 motor_control.o
 .text          0x00000000        0x0 Wall_sensor.o
 .data          0x00000000        0x0 Wall_sensor.o
 .bss           0x00000000        0x0 Wall_sensor.o
 .text          0x00000000        0x0 c:/program files (x86)/atmel/studio/7.0/toolchain/avr8/avr8-gnu-toolchain/bin/../lib/gcc/avr/4.9.2/../../../../avr/lib/avr5\libm.a(addsf3.o)
 .data          0x00000000        0x0 c:/program files (x86)/atmel/studio/7.0/toolchain/avr8/avr8-gnu-toolchain/bin/../lib/gcc/avr/4.9.2/../../../../avr/lib/avr5\libm.a(addsf3.o)
 .bss           0x00000000        0x0 c:/program files (x86)/atmel/studio/7.0/toolchain/avr8/avr8-gnu-toolchain/bin/../lib/gcc/avr/4.9.2/../../../../avr/lib/avr5\libm.a(addsf3.o)
 .text          0x00000000        0x0 c:/program files (x86)/atmel/studio/7.0/toolchain/avr8/avr8-gnu-toolchain/bin/../lib/gcc/avr/4.9.2/../../../../avr/lib/avr5\libm.a(addsf3x.o)
 .data          0x00000000        0x0 c:/program files (x86)/atmel/studio/7.0/toolchain/avr8/avr8-gnu-toolchain/bin/../lib/gcc/avr/4.9.2/../../../../avr/lib/avr5\libm.a(addsf3x.o)
 .bss           0x00000000        0x0 c:/program files (x86)/atmel/studio/7.0/toolchain/avr8/avr8-gnu-toolchain/bin/../lib/gcc/avr/4.9.2/../../../../avr/lib/avr5\libm.a(addsf3x.o)
 .text          0x00000000        0x0 c:/program files (x86)/atmel/studio/7.0/toolchain/avr8/avr8-gnu-toolchain/bin/../lib/gcc/avr/4.9.2/../../../../avr/lib/avr5\libm.a(fixsfsi.o)
 .data          0x00000000        0x0 c:/program files (x86)/atmel/studio/7.0/toolchain/avr8/avr8-gnu-toolchain/bin/../lib/gcc/avr/4.9.2/../../../../avr/lib/avr5\libm.a(fixsfsi.o)
 .bss           0x00000000        0x0 c:/program files (x86)/atmel/studio/7.0/toolchain/avr8/avr8-gnu-toolchain/bin/../lib/gcc/avr/4.9.2/../../../../avr/lib/avr5\libm.a(fixsfsi.o)
 .text          0x00000000        0x0 c:/program files (x86)/atmel/studio/7.0/toolchain/avr8/avr8-gnu-toolchain/bin/../lib/gcc/avr/4.9.2/../../../../avr/lib/avr5\libm.a(fixunssfsi.o)
 .data          0x00000000        0x0 c:/program files (x86)/atmel/studio/7.0/toolchain/avr8/avr8-gnu-toolchain/bin/../lib/gcc/avr/4.9.2/../../../../avr/lib/avr5\libm.a(fixunssfsi.o)
 .bss           0x00000000        0x0 c:/program files (x86)/atmel/studio/7.0/toolchain/avr8/avr8-gnu-toolchain/bin/../lib/gcc/avr/4.9.2/../../../../avr/lib/avr5\libm.a(fixunssfsi.o)
 .text          0x00000000        0x0 c:/program files (x86)/atmel/studio/7.0/toolchain/avr8/avr8-gnu-toolchain/bin/../lib/gcc/avr/4.9.2/../../../../avr/lib/avr5\libm.a(floatsisf.o)
 .data          0x00000000        0x0 c:/program files (x86)/atmel/studio/7.0/toolchain/avr8/avr8-gnu-toolchain/bin/../lib/gcc/avr/4.9.2/../../../../avr/lib/avr5\libm.a(floatsisf.o)
 .bss           0x00000000        0x0 c:/program files (x86)/atmel/studio/7.0/toolchain/avr8/avr8-gnu-toolchain/bin/../lib/gcc/avr/4.9.2/../../../../avr/lib/avr5\libm.a(floatsisf.o)
 .text          0x00000000        0x0 c:/program files (x86)/atmel/studio/7.0/toolchain/avr8/avr8-gnu-toolchain/bin/../lib/gcc/avr/4.9.2/../../../../avr/lib/avr5\libm.a(fp_inf.o)
 .data          0x00000000        0x0 c:/program files (x86)/atmel/studio/7.0/toolchain/avr8/avr8-gnu-toolchain/bin/../lib/gcc/avr/4.9.2/../../../../avr/lib/avr5\libm.a(fp_inf.o)
 .bss           0x00000000        0x0 c:/program files (x86)/atmel/studio/7.0/toolchain/avr8/avr8-gnu-toolchain/bin/../lib/gcc/avr/4.9.2/../../../../avr/lib/avr5\libm.a(fp_inf.o)
 .text          0x00000000        0x0 c:/program files (x86)/atmel/studio/7.0/toolchain/avr8/avr8-gnu-toolchain/bin/../lib/gcc/avr/4.9.2/../../../../avr/lib/avr5\libm.a(fp_nan.o)
 .data          0x00000000        0x0 c:/program files (x86)/atmel/studio/7.0/toolchain/avr8/avr8-gnu-toolchain/bin/../lib/gcc/avr/4.9.2/../../../../avr/lib/avr5\libm.a(fp_nan.o)
 .bss           0x00000000        0x0 c:/program files (x86)/atmel/studio/7.0/toolchain/avr8/avr8-gnu-toolchain/bin/../lib/gcc/avr/4.9.2/../../../../avr/lib/avr5\libm.a(fp_nan.o)
 .text          0x00000000        0x0 c:/program files (x86)/atmel/studio/7.0/toolchain/avr8/avr8-gnu-toolchain/bin/../lib/gcc/avr/4.9.2/../../../../avr/lib/avr5\libm.a(fp_pscA.o)
 .data          0x00000000        0x0 c:/program files (x86)/atmel/studio/7.0/toolchain/avr8/avr8-gnu-toolchain/bin/../lib/gcc/avr/4.9.2/../../../../avr/lib/avr5\libm.a(fp_pscA.o)
 .bss           0x00000000        0x0 c:/program files (x86)/atmel/studio/7.0/toolchain/avr8/avr8-gnu-toolchain/bin/../lib/gcc/avr/4.9.2/../../../../avr/lib/avr5\libm.a(fp_pscA.o)
 .text          0x00000000        0x0 c:/program files (x86)/atmel/studio/7.0/toolchain/avr8/avr8-gnu-toolchain/bin/../lib/gcc/avr/4.9.2/../../../../avr/lib/avr5\libm.a(fp_pscB.o)
 .data          0x00000000        0x0 c:/program files (x86)/atmel/studio/7.0/toolchain/avr8/avr8-gnu-toolchain/bin/../lib/gcc/avr/4.9.2/../../../../avr/lib/avr5\libm.a(fp_pscB.o)
 .bss           0x00000000        0x0 c:/program files (x86)/atmel/studio/7.0/toolchain/avr8/avr8-gnu-toolchain/bin/../lib/gcc/avr/4.9.2/../../../../avr/lib/avr5\libm.a(fp_pscB.o)
 .text          0x00000000        0x0 c:/program files (x86)/atmel/studio/7.0/toolchain/avr8/avr8-gnu-toolchain/bin/../lib/gcc/avr/4.9.2/../../../../avr/lib/avr5\libm.a(fp_round.o)
 .data          0x00000000        0x0 c:/program files (x86)/atmel/studio/7.0/toolchain/avr8/avr8-gnu-toolchain/bin/../lib/gcc/avr/4.9.2/../../../../avr/lib/avr5\libm.a(fp_round.o)
 .bss           0x00000000        0x0 c:/program files (x86)/atmel/studio/7.0/toolchain/avr8/avr8-gnu-toolchain/bin/../lib/gcc/avr/4.9.2/../../../../avr/lib/avr5\libm.a(fp_round.o)
 .text          0x00000000        0x0 c:/program files (x86)/atmel/studio/7.0/toolchain/avr8/avr8-gnu-toolchain/bin/../lib/gcc/avr/4.9.2/../../../../avr/lib/avr5\libm.a(fp_split3.o)
 .data          0x00000000        0x0 c:/program files (x86)/atmel/studio/7.0/toolchain/avr8/avr8-gnu-toolchain/bin/../lib/gcc/avr/4.9.2/../../../../avr/lib/avr5\libm.a(fp_split3.o)
 .bss           0x00000000        0x0 c:/program files (x86)/atmel/studio/7.0/toolchain/avr8/avr8-gnu-toolchain/bin/../lib/gcc/avr/4.9.2/../../../../avr/lib/avr5\libm.a(fp_split3.o)
 .text          0x00000000        0x0 c:/program files (x86)/atmel/studio/7.0/toolchain/avr8/avr8-gnu-toolchain/bin/../lib/gcc/avr/4.9.2/../../../../avr/lib/avr5\libm.a(fp_zero.o)
 .data          0x00000000        0x0 c:/program files (x86)/atmel/studio/7.0/toolchain/avr8/avr8-gnu-toolchain/bin/../lib/gcc/avr/4.9.2/../../../../avr/lib/avr5\libm.a(fp_zero.o)
 .bss           0x00000000        0x0 c:/program files (x86)/atmel/studio/7.0/toolchain/avr8/avr8-gnu-toolchain/bin/../lib/gcc/avr/4.9.2/../../../../avr/lib/avr5\libm.a(fp_zero.o)
 .text          0x00000000        0x0 c:/program files (x86)/atmel/studio/7.0/toolchain/avr8/avr8-gnu-toolchain/bin/../lib/gcc/avr/4.9.2/../../../../avr/lib/avr5\libm.a(mulsf3.o)
 .data          0x00000000        0x0 c:/program files (x86)/atmel/studio/7.0/toolchain/avr8/avr8-gnu-toolchain/bin/../lib/gcc/avr/4.9.2/../../../../avr/lib/avr5\libm.a(mulsf3.o)
 .bss           0x00000000        0x0 c:/program files (x86)/atmel/studio/7.0/toolchain/avr8/avr8-gnu-toolchain/bin/../lib/gcc/avr/4.9.2/../../../../avr/lib/avr5\libm.a(mulsf3.o)
 .text          0x00000000        0x0 c:/program files (x86)/atmel/studio/7.0/toolchain/avr8/avr8-gnu-toolchain/bin/../lib/gcc/avr/4.9.2/../../../../avr/lib/avr5\libm.a(mulsf3x.o)
 .data          0x00000000        0x0 c:/program files (x86)/atmel/studio/7.0/toolchain/avr8/avr8-gnu-toolchain/bin/../lib/gcc/avr/4.9.2/../../../../avr/lib/avr5\libm.a(mulsf3x.o)
 .bss           0x00000000        0x0 c:/program files (x86)/atmel/studio/7.0/toolchain/avr8/avr8-gnu-toolchain/bin/../lib/gcc/avr/4.9.2/../../../../avr/lib/avr5\libm.a(mulsf3x.o)
 .text          0x00000000        0x0 c:/program files (x86)/atmel/studio/7.0/toolchain/avr8/avr8-gnu-toolchain/bin/../lib/gcc/avr/4.9.2/avr5\libgcc.a(_exit.o)
 .data          0x00000000        0x0 c:/program files (x86)/atmel/studio/7.0/toolchain/avr8/avr8-gnu-toolchain/bin/../lib/gcc/avr/4.9.2/avr5\libgcc.a(_exit.o)
 .bss           0x00000000        0x0 c:/program files (x86)/atmel/studio/7.0/toolchain/avr8/avr8-gnu-toolchain/bin/../lib/gcc/avr/4.9.2/avr5\libgcc.a(_exit.o)
 .text.libgcc.mul
                0x00000000        0x0 c:/program files (x86)/atmel/studio/7.0/toolchain/avr8/avr8-gnu-toolchain/bin/../lib/gcc/avr/4.9.2/avr5\libgcc.a(_exit.o)
 .text.libgcc.div
                0x00000000        0x0 c:/program files (x86)/atmel/studio/7.0/toolchain/avr8/avr8-gnu-toolchain/bin/../lib/gcc/avr/4.9.2/avr5\libgcc.a(_exit.o)
 .text.libgcc   0x00000000        0x0 c:/program files (x86)/atmel/studio/7.0/toolchain/avr8/avr8-gnu-toolchain/bin/../lib/gcc/avr/4.9.2/avr5\libgcc.a(_exit.o)
 .text.libgcc.prologue
                0x00000000        0x0 c:/program files (x86)/atmel/studio/7.0/toolchain/avr8/avr8-gnu-toolchain/bin/../lib/gcc/avr/4.9.2/avr5\libgcc.a(_exit.o)
 .text.libgcc.builtins
                0x00000000        0x0 c:/program files (x86)/atmel/studio/7.0/toolchain/avr8/avr8-gnu-toolchain/bin/../lib/gcc/avr/4.9.2/avr5\libgcc.a(_exit.o)
 .text.libgcc.fmul
                0x00000000        0x0 c:/program files (x86)/atmel/studio/7.0/toolchain/avr8/avr8-gnu-toolchain/bin/../lib/gcc/avr/4.9.2/avr5\libgcc.a(_exit.o)
 .text.libgcc.fixed
                0x00000000        0x0 c:/program files (x86)/atmel/studio/7.0/toolchain/avr8/avr8-gnu-toolchain/bin/../lib/gcc/avr/4.9.2/avr5\libgcc.a(_exit.o)
 .text          0x00000000        0x0 c:/program files (x86)/atmel/studio/7.0/toolchain/avr8/avr8-gnu-toolchain/bin/../lib/gcc/avr/4.9.2/avr5\libgcc.a(_tablejump2.o)
 .data          0x00000000        0x0 c:/program files (x86)/atmel/studio/7.0/toolchain/avr8/avr8-gnu-toolchain/bin/../lib/gcc/avr/4.9.2/avr5\libgcc.a(_tablejump2.o)
 .bss           0x00000000        0x0 c:/program files (x86)/atmel/studio/7.0/toolchain/avr8/avr8-gnu-toolchain/bin/../lib/gcc/avr/4.9.2/avr5\libgcc.a(_tablejump2.o)
 .text.libgcc.mul
                0x00000000        0x0 c:/program files (x86)/atmel/studio/7.0/toolchain/avr8/avr8-gnu-toolchain/bin/../lib/gcc/avr/4.9.2/avr5\libgcc.a(_tablejump2.o)
 .text.libgcc.div
                0x00000000        0x0 c:/program files (x86)/atmel/studio/7.0/toolchain/avr8/avr8-gnu-toolchain/bin/../lib/gcc/avr/4.9.2/avr5\libgcc.a(_tablejump2.o)
 .text.libgcc.prologue
                0x00000000        0x0 c:/program files (x86)/atmel/studio/7.0/toolchain/avr8/avr8-gnu-toolchain/bin/../lib/gcc/avr/4.9.2/avr5\libgcc.a(_tablejump2.o)
 .text.libgcc.builtins
                0x00000000        0x0 c:/program files (x86)/atmel/studio/7.0/toolchain/avr8/avr8-gnu-toolchain/bin/../lib/gcc/avr/4.9.2/avr5\libgcc.a(_tablejump2.o)
 .text.libgcc.fmul
                0x00000000        0x0 c:/program files (x86)/atmel/studio/7.0/toolchain/avr8/avr8-gnu-toolchain/bin/../lib/gcc/avr/4.9.2/avr5\libgcc.a(_tablejump2.o)
 .text.libgcc.fixed
                0x00000000        0x0 c:/program files (x86)/atmel/studio/7.0/toolchain/avr8/avr8-gnu-toolchain/bin/../lib/gcc/avr/4.9.2/avr5\libgcc.a(_tablejump2.o)
 .text          0x00000000        0x0 c:/program files (x86)/atmel/studio/7.0/toolchain/avr8/avr8-gnu-toolchain/bin/../lib/gcc/avr/4.9.2/avr5\libgcc.a(_copy_data.o)
 .data          0x00000000        0x0 c:/program files (x86)/atmel/studio/7.0/toolchain/avr8/avr8-gnu-toolchain/bin/../lib/gcc/avr/4.9.2/avr5\libgcc.a(_copy_data.o)
 .bss           0x00000000        0x0 c:/program files (x86)/atmel/studio/7.0/toolchain/avr8/avr8-gnu-toolchain/bin/../lib/gcc/avr/4.9.2/avr5\libgcc.a(_copy_data.o)
 .text.libgcc.mul
                0x00000000        0x0 c:/program files (x86)/atmel/studio/7.0/toolchain/avr8/avr8-gnu-toolchain/bin/../lib/gcc/avr/4.9.2/avr5\libgcc.a(_copy_data.o)
 .text.libgcc.div
                0x00000000        0x0 c:/program files (x86)/atmel/studio/7.0/toolchain/avr8/avr8-gnu-toolchain/bin/../lib/gcc/avr/4.9.2/avr5\libgcc.a(_copy_data.o)
 .text.libgcc   0x00000000        0x0 c:/program files (x86)/atmel/studio/7.0/toolchain/avr8/avr8-gnu-toolchain/bin/../lib/gcc/avr/4.9.2/avr5\libgcc.a(_copy_data.o)
 .text.libgcc.prologue
                0x00000000        0x0 c:/program files (x86)/atmel/studio/7.0/toolchain/avr8/avr8-gnu-toolchain/bin/../lib/gcc/avr/4.9.2/avr5\libgcc.a(_copy_data.o)
 .text.libgcc.builtins
                0x00000000        0x0 c:/program files (x86)/atmel/studio/7.0/toolchain/avr8/avr8-gnu-toolchain/bin/../lib/gcc/avr/4.9.2/avr5\libgcc.a(_copy_data.o)
 .text.libgcc.fmul
                0x00000000        0x0 c:/program files (x86)/atmel/studio/7.0/toolchain/avr8/avr8-gnu-toolchain/bin/../lib/gcc/avr/4.9.2/avr5\libgcc.a(_copy_data.o)
 .text.libgcc.fixed
                0x00000000        0x0 c:/program files (x86)/atmel/studio/7.0/toolchain/avr8/avr8-gnu-toolchain/bin/../lib/gcc/avr/4.9.2/avr5\libgcc.a(_copy_data.o)
 .text          0x00000000        0x0 c:/program files (x86)/atmel/studio/7.0/toolchain/avr8/avr8-gnu-toolchain/bin/../lib/gcc/avr/4.9.2/avr5\libgcc.a(_clear_bss.o)
 .data          0x00000000        0x0 c:/program files (x86)/atmel/studio/7.0/toolchain/avr8/avr8-gnu-toolchain/bin/../lib/gcc/avr/4.9.2/avr5\libgcc.a(_clear_bss.o)
 .bss           0x00000000        0x0 c:/program files (x86)/atmel/studio/7.0/toolchain/avr8/avr8-gnu-toolchain/bin/../lib/gcc/avr/4.9.2/avr5\libgcc.a(_clear_bss.o)
 .text.libgcc.mul
                0x00000000        0x0 c:/program files (x86)/atmel/studio/7.0/toolchain/avr8/avr8-gnu-toolchain/bin/../lib/gcc/avr/4.9.2/avr5\libgcc.a(_clear_bss.o)
 .text.libgcc.div
                0x00000000        0x0 c:/program files (x86)/atmel/studio/7.0/toolchain/avr8/avr8-gnu-toolchain/bin/../lib/gcc/avr/4.9.2/avr5\libgcc.a(_clear_bss.o)
 .text.libgcc   0x00000000        0x0 c:/program files (x86)/atmel/studio/7.0/toolchain/avr8/avr8-gnu-toolchain/bin/../lib/gcc/avr/4.9.2/avr5\libgcc.a(_clear_bss.o)
 .text.libgcc.prologue
                0x00000000        0x0 c:/program files (x86)/atmel/studio/7.0/toolchain/avr8/avr8-gnu-toolchain/bin/../lib/gcc/avr/4.9.2/avr5\libgcc.a(_clear_bss.o)
 .text.libgcc.builtins
                0x00000000        0x0 c:/program files (x86)/atmel/studio/7.0/toolchain/avr8/avr8-gnu-toolchain/bin/../lib/gcc/avr/4.9.2/avr5\libgcc.a(_clear_bss.o)
 .text.libgcc.fmul
                0x00000000        0x0 c:/program files (x86)/atmel/studio/7.0/toolchain/avr8/avr8-gnu-toolchain/bin/../lib/gcc/avr/4.9.2/avr5\libgcc.a(_clear_bss.o)
 .text.libgcc.fixed
                0x00000000        0x0 c:/program files (x86)/atmel/studio/7.0/toolchain/avr8/avr8-gnu-toolchain/bin/../lib/gcc/avr/4.9.2/avr5\libgcc.a(_clear_bss.o)
 .text          0x00000000        0x0 c:/program files (x86)/atmel/studio/7.0/toolchain/avr8/avr8-gnu-toolchain/bin/../lib/gcc/avr/4.9.2/../../../../avr/lib/avr5\libc.a(sprintf.o)
 .data          0x00000000        0x0 c:/program files (x86)/atmel/studio/7.0/toolchain/avr8/avr8-gnu-toolchain/bin/../lib/gcc/avr/4.9.2/../../../../avr/lib/avr5\libc.a(sprintf.o)
 .bss           0x00000000        0x0 c:/program files (x86)/atmel/studio/7.0/toolchain/avr8/avr8-gnu-toolchain/bin/../lib/gcc/avr/4.9.2/../../../../avr/lib/avr5\libc.a(sprintf.o)
 .text          0x00000000        0x0 c:/program files (x86)/atmel/studio/7.0/toolchain/avr8/avr8-gnu-toolchain/bin/../lib/gcc/avr/4.9.2/../../../../avr/lib/avr5\libc.a(vfprintf_std.o)
 .data          0x00000000        0x0 c:/program files (x86)/atmel/studio/7.0/toolchain/avr8/avr8-gnu-toolchain/bin/../lib/gcc/avr/4.9.2/../../../../avr/lib/avr5\libc.a(vfprintf_std.o)
 .bss           0x00000000        0x0 c:/program files (x86)/atmel/studio/7.0/toolchain/avr8/avr8-gnu-toolchain/bin/../lib/gcc/avr/4.9.2/../../../../avr/lib/avr5\libc.a(vfprintf_std.o)
 .text          0x00000000        0x0 c:/program files (x86)/atmel/studio/7.0/toolchain/avr8/avr8-gnu-toolchain/bin/../lib/gcc/avr/4.9.2/../../../../avr/lib/avr5\libc.a(strnlen_P.o)
 .data          0x00000000        0x0 c:/program files (x86)/atmel/studio/7.0/toolchain/avr8/avr8-gnu-toolchain/bin/../lib/gcc/avr/4.9.2/../../../../avr/lib/avr5\libc.a(strnlen_P.o)
 .bss           0x00000000        0x0 c:/program files (x86)/atmel/studio/7.0/toolchain/avr8/avr8-gnu-toolchain/bin/../lib/gcc/avr/4.9.2/../../../../avr/lib/avr5\libc.a(strnlen_P.o)
 .text          0x00000000        0x0 c:/program files (x86)/atmel/studio/7.0/toolchain/avr8/avr8-gnu-toolchain/bin/../lib/gcc/avr/4.9.2/../../../../avr/lib/avr5\libc.a(strnlen.o)
 .data          0x00000000        0x0 c:/program files (x86)/atmel/studio/7.0/toolchain/avr8/avr8-gnu-toolchain/bin/../lib/gcc/avr/4.9.2/../../../../avr/lib/avr5\libc.a(strnlen.o)
 .bss           0x00000000        0x0 c:/program files (x86)/atmel/studio/7.0/toolchain/avr8/avr8-gnu-toolchain/bin/../lib/gcc/avr/4.9.2/../../../../avr/lib/avr5\libc.a(strnlen.o)
 .text          0x00000000        0x0 c:/program files (x86)/atmel/studio/7.0/toolchain/avr8/avr8-gnu-toolchain/bin/../lib/gcc/avr/4.9.2/../../../../avr/lib/avr5\libc.a(fputc.o)
 .data          0x00000000        0x0 c:/program files (x86)/atmel/studio/7.0/toolchain/avr8/avr8-gnu-toolchain/bin/../lib/gcc/avr/4.9.2/../../../../avr/lib/avr5\libc.a(fputc.o)
 .bss           0x00000000        0x0 c:/program files (x86)/atmel/studio/7.0/toolchain/avr8/avr8-gnu-toolchain/bin/../lib/gcc/avr/4.9.2/../../../../avr/lib/avr5\libc.a(fputc.o)
 .text          0x00000000        0x0 c:/program files (x86)/atmel/studio/7.0/toolchain/avr8/avr8-gnu-toolchain/bin/../lib/gcc/avr/4.9.2/../../../../avr/lib/avr5\libc.a(ultoa_invert.o)
 .data          0x00000000        0x0 c:/program files (x86)/atmel/studio/7.0/toolchain/avr8/avr8-gnu-toolchain/bin/../lib/gcc/avr/4.9.2/../../../../avr/lib/avr5\libc.a(ultoa_invert.o)
 .bss           0x00000000        0x0 c:/program files (x86)/atmel/studio/7.0/toolchain/avr8/avr8-gnu-toolchain/bin/../lib/gcc/avr/4.9.2/../../../../avr/lib/avr5\libc.a(ultoa_invert.o)
 .text          0x00000000        0x0 c:/program files (x86)/atmel/studio/7.0/toolchain/avr8/avr8-gnu-toolchain/bin/../lib/gcc/avr/4.9.2/avr5\libgcc.a(_prologue.o)
 .data          0x00000000        0x0 c:/program files (x86)/atmel/studio/7.0/toolchain/avr8/avr8-gnu-toolchain/bin/../lib/gcc/avr/4.9.2/avr5\libgcc.a(_prologue.o)
 .bss           0x00000000        0x0 c:/program files (x86)/atmel/studio/7.0/toolchain/avr8/avr8-gnu-toolchain/bin/../lib/gcc/avr/4.9.2/avr5\libgcc.a(_prologue.o)
 .text.libgcc.mul
                0x00000000        0x0 c:/program files (x86)/atmel/studio/7.0/toolchain/avr8/avr8-gnu-toolchain/bin/../lib/gcc/avr/4.9.2/avr5\libgcc.a(_prologue.o)
 .text.libgcc.div
                0x00000000        0x0 c:/program files (x86)/atmel/studio/7.0/toolchain/avr8/avr8-gnu-toolchain/bin/../lib/gcc/avr/4.9.2/avr5\libgcc.a(_prologue.o)
 .text.libgcc   0x00000000        0x0 c:/program files (x86)/atmel/studio/7.0/toolchain/avr8/avr8-gnu-toolchain/bin/../lib/gcc/avr/4.9.2/avr5\libgcc.a(_prologue.o)
 .text.libgcc.builtins
                0x00000000        0x0 c:/program files (x86)/atmel/studio/7.0/toolchain/avr8/avr8-gnu-toolchain/bin/../lib/gcc/avr/4.9.2/avr5\libgcc.a(_prologue.o)
 .text.libgcc.fmul
                0x00000000        0x0 c:/program files (x86)/atmel/studio/7.0/toolchain/avr8/avr8-gnu-toolchain/bin/../lib/gcc/avr/4.9.2/avr5\libgcc.a(_prologue.o)
 .text.libgcc.fixed
                0x00000000        0x0 c:/program files (x86)/atmel/studio/7.0/toolchain/avr8/avr8-gnu-toolchain/bin/../lib/gcc/avr/4.9.2/avr5\libgcc.a(_prologue.o)
 .text          0x00000000        0x0 c:/program files (x86)/atmel/studio/7.0/toolchain/avr8/avr8-gnu-toolchain/bin/../lib/gcc/avr/4.9.2/avr5\libgcc.a(_epilogue.o)
 .data          0x00000000        0x0 c:/program files (x86)/atmel/studio/7.0/toolchain/avr8/avr8-gnu-toolchain/bin/../lib/gcc/avr/4.9.2/avr5\libgcc.a(_epilogue.o)
 .bss           0x00000000        0x0 c:/program files (x86)/atmel/studio/7.0/toolchain/avr8/avr8-gnu-toolchain/bin/../lib/gcc/avr/4.9.2/avr5\libgcc.a(_epilogue.o)
 .text.libgcc.mul
                0x00000000        0x0 c:/program files (x86)/atmel/studio/7.0/toolchain/avr8/avr8-gnu-toolchain/bin/../lib/gcc/avr/4.9.2/avr5\libgcc.a(_epilogue.o)
 .text.libgcc.div
                0x00000000        0x0 c:/program files (x86)/atmel/studio/7.0/toolchain/avr8/avr8-gnu-toolchain/bin/../lib/gcc/avr/4.9.2/avr5\libgcc.a(_epilogue.o)
 .text.libgcc   0x00000000        0x0 c:/program files (x86)/atmel/studio/7.0/toolchain/avr8/avr8-gnu-toolchain/bin/../lib/gcc/avr/4.9.2/avr5\libgcc.a(_epilogue.o)
 .text.libgcc.builtins
                0x00000000        0x0 c:/program files (x86)/atmel/studio/7.0/toolchain/avr8/avr8-gnu-toolchain/bin/../lib/gcc/avr/4.9.2/avr5\libgcc.a(_epilogue.o)
 .text.libgcc.fmul
                0x00000000        0x0 c:/program files (x86)/atmel/studio/7.0/toolchain/avr8/avr8-gnu-toolchain/bin/../lib/gcc/avr/4.9.2/avr5\libgcc.a(_epilogue.o)
 .text.libgcc.fixed
                0x00000000        0x0 c:/program files (x86)/atmel/studio/7.0/toolchain/avr8/avr8-gnu-toolchain/bin/../lib/gcc/avr/4.9.2/avr5\libgcc.a(_epilogue.o)

Memory Configuration

Name             Origin             Length             Attributes
text             0x00000000         0x00020000         xr
data             0x00800060         0x0000ffa0         rw !x
eeprom           0x00810000         0x00010000         rw !x
fuse             0x00820000         0x00000400         rw !x
lock             0x00830000         0x00000400         rw !x
signature        0x00840000         0x00000400         rw !x
user_signatures  0x00850000         0x00000400         rw !x
*default*        0x00000000         0xffffffff

Linker script and memory map

LOAD C:/Program Files (x86)/Atmel/Studio/7.0/Packs/atmel/ATmega_DFP/1.0.90/gcc/dev/atmega32/avr5/crtatmega32.o
LOAD ADC.o
LOAD bluetooth.o
LOAD buttonMenu.o
LOAD Floor_sensor.o
LOAD lcd.o
LOAD LED_control.o
LOAD Logic.o
LOAD main.o
LOAD motor_control.o
LOAD Wall_sensor.o
START GROUP
LOAD c:/program files (x86)/atmel/studio/7.0/toolchain/avr8/avr8-gnu-toolchain/bin/../lib/gcc/avr/4.9.2/../../../../avr/lib/avr5\libm.a
END GROUP
START GROUP
LOAD c:/program files (x86)/atmel/studio/7.0/toolchain/avr8/avr8-gnu-toolchain/bin/../lib/gcc/avr/4.9.2/avr5\libgcc.a
LOAD c:/program files (x86)/atmel/studio/7.0/toolchain/avr8/avr8-gnu-toolchain/bin/../lib/gcc/avr/4.9.2/../../../../avr/lib/avr5\libm.a
LOAD c:/program files (x86)/atmel/studio/7.0/toolchain/avr8/avr8-gnu-toolchain/bin/../lib/gcc/avr/4.9.2/../../../../avr/lib/avr5\libc.a
LOAD C:/Program Files (x86)/Atmel/Studio/7.0/Packs/atmel/ATmega_DFP/1.0.90/gcc/dev/atmega32/avr5\libatmega32.a
END GROUP

.hash
 *(.hash)

.dynsym
 *(.dynsym)

.dynstr
 *(.dynstr)

.gnu.version
 *(.gnu.version)

.gnu.version_d
 *(.gnu.version_d)

.gnu.version_r
 *(.gnu.version_r)

.rel.init
 *(.rel.init)

.rela.init
 *(.rela.init)

.rel.text
 *(.rel.text)
 *(.rel.text.*)
 *(.rel.gnu.linkonce.t*)

.rela.text
 *(.rela.text)
 *(.rela.text.*)
 *(.rela.gnu.linkonce.t*)

.rel.fini
 *(.rel.fini)

.rela.fini
 *(.rela.fini)

.rel.rodata
 *(.rel.rodata)
 *(.rel.rodata.*)
 *(.rel.gnu.linkonce.r*)

.rela.rodata
 *(.rela.rodata)
 *(.rela.rodata.*)
 *(.rela.gnu.linkonce.r*)

.rel.data
 *(.rel.data)
 *(.rel.data.*)
 *(.rel.gnu.linkonce.d*)

.rela.data
 *(.rela.data)
 *(.rela.data.*)
 *(.rela.gnu.linkonce.d*)

.rel.ctors
 *(.rel.ctors)

.rela.ctors
 *(.rela.ctors)

.rel.dtors
 *(.rel.dtors)

.rela.dtors
 *(.rela.dtors)

.rel.got
 *(.rel.got)

.rela.got
 *(.rela.got)

.rel.bss
 *(.rel.bss)

.rela.bss
 *(.rela.bss)

.rel.plt
 *(.rel.plt)

.rela.plt
 *(.rela.plt)

.text           0x00000000     0x20c6
 *(.vectors)
 .vectors       0x00000000       0x54 C:/Program Files (x86)/Atmel/Studio/7.0/Packs/atmel/ATmega_DFP/1.0.90/gcc/dev/atmega32/avr5/crtatmega32.o
                0x00000000                __vector_default
                0x00000000                __vectors
 *(.vectors)
 *(.progmem.gcc*)
 .progmem.gcc_sw_table.changeColor
                0x00000054        0xe LED_control.o
                0x00000062                . = ALIGN (0x2)
                0x00000062                __trampolines_start = .
 *(.trampolines)
 .trampolines   0x00000062        0x0 linker stubs
 *(.trampolines*)
                0x00000062                __trampolines_end = .
 *(.progmem*)
                0x00000062                . = ALIGN (0x2)
 *(.jumptables)
 *(.jumptables*)
 *(.lowtext)
 *(.lowtext*)
                0x00000062                __ctors_start = .
 *(.ctors)
                0x00000062                __ctors_end = .
                0x00000062                __dtors_start = .
 *(.dtors)
                0x00000062                __dtors_end = .
 SORT(*)(.ctors)
 SORT(*)(.dtors)
 *(.init0)
 .init0         0x00000062        0x0 C:/Program Files (x86)/Atmel/Studio/7.0/Packs/atmel/ATmega_DFP/1.0.90/gcc/dev/atmega32/avr5/crtatmega32.o
                0x00000062                __init
 *(.init0)
 *(.init1)
 *(.init1)
 *(.init2)
 .init2         0x00000062        0xc C:/Program Files (x86)/Atmel/Studio/7.0/Packs/atmel/ATmega_DFP/1.0.90/gcc/dev/atmega32/avr5/crtatmega32.o
 *(.init2)
 *(.init3)
 *(.init3)
 *(.init4)
 .init4         0x0000006e       0x16 c:/program files (x86)/atmel/studio/7.0/toolchain/avr8/avr8-gnu-toolchain/bin/../lib/gcc/avr/4.9.2/avr5\libgcc.a(_copy_data.o)
                0x0000006e                __do_copy_data
 .init4         0x00000084       0x10 c:/program files (x86)/atmel/studio/7.0/toolchain/avr8/avr8-gnu-toolchain/bin/../lib/gcc/avr/4.9.2/avr5\libgcc.a(_clear_bss.o)
                0x00000084                __do_clear_bss
 *(.init4)
 *(.init5)
 *(.init5)
 *(.init6)
 *(.init6)
 *(.init7)
 *(.init7)
 *(.init8)
 *(.init8)
 *(.init9)
 .init9         0x00000094        0x8 C:/Program Files (x86)/Atmel/Studio/7.0/Packs/atmel/ATmega_DFP/1.0.90/gcc/dev/atmega32/avr5/crtatmega32.o
 *(.init9)
 *(.text)
 .text          0x0000009c        0x4 C:/Program Files (x86)/Atmel/Studio/7.0/Packs/atmel/ATmega_DFP/1.0.90/gcc/dev/atmega32/avr5/crtatmega32.o
                0x0000009c                __vector_12
                0x0000009c                __bad_interrupt
                0x0000009c                __vector_6
                0x0000009c                __vector_3
                0x0000009c                __vector_11
                0x0000009c                __vector_17
                0x0000009c                __vector_19
                0x0000009c                __vector_7
                0x0000009c                __vector_5
                0x0000009c                __vector_9
                0x0000009c                __vector_15
                0x0000009c                __vector_8
                0x0000009c                __vector_14
                0x0000009c                __vector_16
                0x0000009c                __vector_18
                0x0000009c                __vector_20
                0x000000a0                . = ALIGN (0x2)
 *(.text.*)
 .text.AdcConvert
                0x000000a0       0x14 ADC.o
                0x000000a0                AdcConvert
 .text.AdcInit  0x000000b4        0x6 ADC.o
                0x000000b4                AdcInit
 .text.USARTInit
                0x000000ba       0x12 bluetooth.o
                0x000000ba                USARTInit
 .text.__vector_13
                0x000000cc       0x1e bluetooth.o
                0x000000cc                __vector_13
 .text.getRunLineFlag
                0x000000ea        0x6 buttonMenu.o
                0x000000ea                getRunLineFlag
 .text.getRunWallFlag
                0x000000f0        0x6 buttonMenu.o
                0x000000f0                getRunWallFlag
 .text.setRunLineFlag
                0x000000f6        0x6 buttonMenu.o
                0x000000f6                setRunLineFlag
 .text.setRunWallFlag
                0x000000fc        0x6 buttonMenu.o
                0x000000fc                setRunWallFlag
 .text.ADCReadButton
                0x00000102       0x42 buttonMenu.o
                0x00000102                ADCReadButton
 .text.getButton
                0x00000144       0x12 buttonMenu.o
                0x00000144                getButton
 .text.buttonReleased
                0x00000156       0x10 buttonMenu.o
                0x00000156                buttonReleased
 .text.LcdTask  0x00000166       0x42 buttonMenu.o
                0x00000166                LcdTask
 .text.subMenuRight
                0x000001a8       0xdc buttonMenu.o
                0x000001a8                subMenuRight
 .text.subMenuLeft
                0x00000284       0xdc buttonMenu.o
                0x00000284                subMenuLeft
 .text.subMenuUp
                0x00000360       0xac buttonMenu.o
                0x00000360                subMenuUp
 .text.subMenuDown
                0x0000040c       0xb4 buttonMenu.o
                0x0000040c                subMenuDown
 .text.buttonMenu
                0x000004c0       0xa2 buttonMenu.o
                0x000004c0                buttonMenu
 .text.initFloorSensor
                0x00000562       0x10 Floor_sensor.o
                0x00000562                initFloorSensor
 .text.showFloorInfo
                0x00000572      0x106 Floor_sensor.o
                0x00000572                showFloorInfo
 .text.readFloorSensors
                0x00000678       0x1a Floor_sensor.o
                0x00000678                readFloorSensors
 .text.calcFloorErrorAndFlagControl
                0x00000692      0x116 Floor_sensor.o
                0x00000692                calcFloorErrorAndFlagControl
 .text.LCD_delay
                0x000007a8        0x8 lcd.o
                0x000007a8                LCD_delay
 .text.LCD_write_nibble
                0x000007b0       0x18 lcd.o
 .text.LCD_write_data
                0x000007c8       0x16 lcd.o
 .text.LCD_long_delay
                0x000007de        0xa lcd.o
                0x000007de                LCD_long_delay
 .text.LCDClear
                0x000007e8       0x2e lcd.o
                0x000007e8                LCDClear
 .text.LCDGotoXY
                0x00000816       0x30 lcd.o
                0x00000816                LCDGotoXY
 .text.LCDPutChar
                0x00000846       0x50 lcd.o
                0x00000846                LCDPutChar
 .text.LCDPutString
                0x00000896       0x1e lcd.o
                0x00000896                LCDPutString
 .text.LCDInit  0x000008b4      0x124 lcd.o
                0x000008b4                LCDInit
 .text.LEDWrite
                0x000009d8        0x8 LED_control.o
                0x000009d8                LEDWrite
 .text.LEDUpdate
                0x000009e0       0x16 LED_control.o
                0x000009e0                LEDUpdate
 .text.LEDInit  0x000009f6       0x24 LED_control.o
                0x000009f6                LEDInit
 .text.LEDEnable
                0x00000a1a        0x4 LED_control.o
                0x00000a1a                LEDEnable
 .text.allOff   0x00000a1e        0xc LED_control.o
                0x00000a1e                allOff
 .text.LEDVoltage
                0x00000a2a       0xb2 LED_control.o
                0x00000a2a                LEDVoltage
 .text.rainBowOn
                0x00000adc        0x8 LED_control.o
                0x00000adc                rainBowOn
 .text.rainBowOff
                0x00000ae4        0xc LED_control.o
                0x00000ae4                rainBowOff
 .text.changeColor
                0x00000af0      0x104 LED_control.o
                0x00000af0                changeColor
 .text.calcPWM  0x00000bf4       0xce LED_control.o
                0x00000bf4                calcPWM
 .text.__vector_4
                0x00000cc2       0x7c LED_control.o
                0x00000cc2                __vector_4
 .text.setStopFlag
                0x00000d3e        0x6 Logic.o
                0x00000d3e                setStopFlag
 .text.setThreeSixtyFlag
                0x00000d44        0x6 Logic.o
                0x00000d44                setThreeSixtyFlag
 .text.setHighSpeedFlag
                0x00000d4a        0x6 Logic.o
                0x00000d4a                setHighSpeedFlag
 .text.setFoundLineFlag
                0x00000d50        0x6 Logic.o
                0x00000d50                setFoundLineFlag
 .text.setLostLineFlag
                0x00000d56        0x6 Logic.o
                0x00000d56                setLostLineFlag
 .text.getThreeSixtyFlag
                0x00000d5c        0x6 Logic.o
                0x00000d5c                getThreeSixtyFlag
 .text.getFoundLineFlag
                0x00000d62        0x6 Logic.o
                0x00000d62                getFoundLineFlag
 .text.go       0x00000d68       0xe8 Logic.o
                0x00000d68                go
 .text.searchMode
                0x00000e50       0x7a Logic.o
                0x00000e50                searchMode
 .text.runLine  0x00000eca       0xda Logic.o
                0x00000eca                runLine
 .text.main     0x00000fa4       0x7c main.o
                0x00000fa4                main
 .text.clearIntSumError
                0x00001020       0x22 motor_control.o
                0x00001020                clearIntSumError
 .text.initMotorControl
                0x00001042       0x5c motor_control.o
                0x00001042                initMotorControl
 .text.enableHBridge
                0x0000109e        0x4 motor_control.o
                0x0000109e                enableHBridge
 .text.getSensorUpdateFlag
                0x000010a2        0x6 motor_control.o
                0x000010a2                getSensorUpdateFlag
 .text.clearSensorUpdateFlag
                0x000010a8        0x6 motor_control.o
                0x000010a8                clearSensorUpdateFlag
 .text.limitDutyCycle
                0x000010ae       0x14 motor_control.o
                0x000010ae                limitDutyCycle
 .text.setDutyCycleMotorL
                0x000010c2        0xc motor_control.o
                0x000010c2                setDutyCycleMotorL
 .text.setDutyCycleMotorR
                0x000010ce        0xc motor_control.o
                0x000010ce                setDutyCycleMotorR
 .text.setDirectionMotorL
                0x000010da       0x18 motor_control.o
                0x000010da                setDirectionMotorL
 .text.setDirectionMotorR
                0x000010f2       0x18 motor_control.o
                0x000010f2                setDirectionMotorR
 .text.getSensorMotorL
                0x0000110a        0x6 motor_control.o
                0x0000110a                getSensorMotorL
 .text.getSensorMotorR
                0x00001110        0x6 motor_control.o
                0x00001110                getSensorMotorR
 .text.setKp    0x00001116       0x12 motor_control.o
                0x00001116                setKp
 .text.setKi    0x00001128       0x12 motor_control.o
                0x00001128                setKi
 .text.showMotorInfo
                0x0000113a       0x74 motor_control.o
                0x0000113a                showMotorInfo
 .text.calcDuty
                0x000011ae      0x2b2 motor_control.o
                0x000011ae                calcDuty
 .text.__vector_1
                0x00001460       0x22 motor_control.o
                0x00001460                __vector_1
 .text.__vector_2
                0x00001482       0x22 motor_control.o
                0x00001482                __vector_2
 .text.__vector_10
                0x000014a4       0x36 motor_control.o
                0x000014a4                __vector_10
 .text.showPlace
                0x000014da       0x64 Wall_sensor.o
                0x000014da                showPlace
 .text.calcWallError
                0x0000153e       0x20 Wall_sensor.o
                0x0000153e                calcWallError
 .text.fullStop
                0x0000155e       0x40 Wall_sensor.o
                0x0000155e                fullStop
 .text.forward_stop
                0x0000159e       0x4a Wall_sensor.o
                0x0000159e                forward_stop
 .text.turn_90  0x000015e8       0xa4 Wall_sensor.o
                0x000015e8                turn_90
 .text.forwardWallLeftStop
                0x0000168c       0x4c Wall_sensor.o
                0x0000168c                forwardWallLeftStop
 .text.forwardFindWallLeft
                0x000016d8       0x4c Wall_sensor.o
                0x000016d8                forwardFindWallLeft
 .text.parallelWall
                0x00001724       0x42 Wall_sensor.o
                0x00001724                parallelWall
 .text.runWall  0x00001766       0x64 Wall_sensor.o
                0x00001766                runWall
 .text.avr-libc.fplib
                0x000017ca        0xe c:/program files (x86)/atmel/studio/7.0/toolchain/avr8/avr8-gnu-toolchain/bin/../lib/gcc/avr/4.9.2/../../../../avr/lib/avr5\libm.a(addsf3.o)
                0x000017ca                __subsf3
                0x000017cc                __addsf3
 .text.avr-libc.fplib
                0x000017d8       0xcc c:/program files (x86)/atmel/studio/7.0/toolchain/avr8/avr8-gnu-toolchain/bin/../lib/gcc/avr/4.9.2/../../../../avr/lib/avr5\libm.a(addsf3x.o)
                0x000017fa                __addsf3x
 .text.avr-libc.fplib
                0x000018a4        0xe c:/program files (x86)/atmel/studio/7.0/toolchain/avr8/avr8-gnu-toolchain/bin/../lib/gcc/avr/4.9.2/../../../../avr/lib/avr5\libm.a(fixsfsi.o)
                0x000018a4                __fixsfsi
 .text.avr-libc.fplib
                0x000018b2       0x5e c:/program files (x86)/atmel/studio/7.0/toolchain/avr8/avr8-gnu-toolchain/bin/../lib/gcc/avr/4.9.2/../../../../avr/lib/avr5\libm.a(fixunssfsi.o)
                0x000018b2                __fixunssfsi
 .text.avr-libc.fplib
                0x00001910       0x7a c:/program files (x86)/atmel/studio/7.0/toolchain/avr8/avr8-gnu-toolchain/bin/../lib/gcc/avr/4.9.2/../../../../avr/lib/avr5\libm.a(floatsisf.o)
                0x00001910                __floatunsisf
                0x00001914                __floatsisf
 .text.avr-libc.fplib
                0x0000198a        0xc c:/program files (x86)/atmel/studio/7.0/toolchain/avr8/avr8-gnu-toolchain/bin/../lib/gcc/avr/4.9.2/../../../../avr/lib/avr5\libm.a(fp_inf.o)
                0x0000198a                __fp_inf
 .text.avr-libc.fplib
                0x00001996        0x6 c:/program files (x86)/atmel/studio/7.0/toolchain/avr8/avr8-gnu-toolchain/bin/../lib/gcc/avr/4.9.2/../../../../avr/lib/avr5\libm.a(fp_nan.o)
                0x00001996                __fp_nan
 .text.avr-libc.fplib
                0x0000199c        0xe c:/program files (x86)/atmel/studio/7.0/toolchain/avr8/avr8-gnu-toolchain/bin/../lib/gcc/avr/4.9.2/../../../../avr/lib/avr5\libm.a(fp_pscA.o)
                0x0000199c                __fp_pscA
 .text.avr-libc.fplib
                0x000019aa        0xe c:/program files (x86)/atmel/studio/7.0/toolchain/avr8/avr8-gnu-toolchain/bin/../lib/gcc/avr/4.9.2/../../../../avr/lib/avr5\libm.a(fp_pscB.o)
                0x000019aa                __fp_pscB
 .text.avr-libc.fplib
                0x000019b8       0x22 c:/program files (x86)/atmel/studio/7.0/toolchain/avr8/avr8-gnu-toolchain/bin/../lib/gcc/avr/4.9.2/../../../../avr/lib/avr5\libm.a(fp_round.o)
                0x000019b8                __fp_round
 .text.avr-libc.fplib
                0x000019da       0x44 c:/program files (x86)/atmel/studio/7.0/toolchain/avr8/avr8-gnu-toolchain/bin/../lib/gcc/avr/4.9.2/../../../../avr/lib/avr5\libm.a(fp_split3.o)
                0x000019da                __fp_split3
                0x000019ea                __fp_splitA
 .text.avr-libc.fplib
                0x00001a1e        0xe c:/program files (x86)/atmel/studio/7.0/toolchain/avr8/avr8-gnu-toolchain/bin/../lib/gcc/avr/4.9.2/../../../../avr/lib/avr5\libm.a(fp_zero.o)
                0x00001a1e                __fp_zero
                0x00001a20                __fp_szero
 .text.avr-libc.fplib
                0x00001a2c        0x8 c:/program files (x86)/atmel/studio/7.0/toolchain/avr8/avr8-gnu-toolchain/bin/../lib/gcc/avr/4.9.2/../../../../avr/lib/avr5\libm.a(mulsf3.o)
                0x00001a2c                __mulsf3
 .text.avr-libc.fplib
                0x00001a34       0xd2 c:/program files (x86)/atmel/studio/7.0/toolchain/avr8/avr8-gnu-toolchain/bin/../lib/gcc/avr/4.9.2/../../../../avr/lib/avr5\libm.a(mulsf3x.o)
                0x00001a52                __mulsf3x
                0x00001a58                __mulsf3_pse
 .text.libgcc   0x00001b06        0xc c:/program files (x86)/atmel/studio/7.0/toolchain/avr8/avr8-gnu-toolchain/bin/../lib/gcc/avr/4.9.2/avr5\libgcc.a(_tablejump2.o)
                0x00001b06                __tablejump2__
 .text.avr-libc
                0x00001b12       0x46 c:/program files (x86)/atmel/studio/7.0/toolchain/avr8/avr8-gnu-toolchain/bin/../lib/gcc/avr/4.9.2/../../../../avr/lib/avr5\libc.a(sprintf.o)
                0x00001b12                sprintf
 .text.avr-libc
                0x00001b58      0x3a4 c:/program files (x86)/atmel/studio/7.0/toolchain/avr8/avr8-gnu-toolchain/bin/../lib/gcc/avr/4.9.2/../../../../avr/lib/avr5\libc.a(vfprintf_std.o)
                0x00001b58                vfprintf
 .text.avr-libc
                0x00001efc       0x16 c:/program files (x86)/atmel/studio/7.0/toolchain/avr8/avr8-gnu-toolchain/bin/../lib/gcc/avr/4.9.2/../../../../avr/lib/avr5\libc.a(strnlen_P.o)
                0x00001efc                strnlen_P
 .text.avr-libc
                0x00001f12       0x16 c:/program files (x86)/atmel/studio/7.0/toolchain/avr8/avr8-gnu-toolchain/bin/../lib/gcc/avr/4.9.2/../../../../avr/lib/avr5\libc.a(strnlen.o)
                0x00001f12                strnlen
 .text.avr-libc
                0x00001f28       0x70 c:/program files (x86)/atmel/studio/7.0/toolchain/avr8/avr8-gnu-toolchain/bin/../lib/gcc/avr/4.9.2/../../../../avr/lib/avr5\libc.a(fputc.o)
                0x00001f28                fputc
 .text.avr-libc
                0x00001f98       0xbc c:/program files (x86)/atmel/studio/7.0/toolchain/avr8/avr8-gnu-toolchain/bin/../lib/gcc/avr/4.9.2/../../../../avr/lib/avr5\libc.a(ultoa_invert.o)
                0x00001f98                __ultoa_invert
 .text.libgcc.prologue
                0x00002054       0x38 c:/program files (x86)/atmel/studio/7.0/toolchain/avr8/avr8-gnu-toolchain/bin/../lib/gcc/avr/4.9.2/avr5\libgcc.a(_prologue.o)
                0x00002054                __prologue_saves__
 .text.libgcc.prologue
                0x0000208c       0x36 c:/program files (x86)/atmel/studio/7.0/toolchain/avr8/avr8-gnu-toolchain/bin/../lib/gcc/avr/4.9.2/avr5\libgcc.a(_epilogue.o)
                0x0000208c                __epilogue_restores__
                0x000020c2                . = ALIGN (0x2)
 *(.fini9)
 .fini9         0x000020c2        0x0 c:/program files (x86)/atmel/studio/7.0/toolchain/avr8/avr8-gnu-toolchain/bin/../lib/gcc/avr/4.9.2/avr5\libgcc.a(_exit.o)
                0x000020c2                _exit
                0x000020c2                exit
 *(.fini9)
 *(.fini8)
 *(.fini8)
 *(.fini7)
 *(.fini7)
 *(.fini6)
 *(.fini6)
 *(.fini5)
 *(.fini5)
 *(.fini4)
 *(.fini4)
 *(.fini3)
 *(.fini3)
 *(.fini2)
 *(.fini2)
 *(.fini1)
 *(.fini1)
 *(.fini0)
 .fini0         0x000020c2        0x4 c:/program files (x86)/atmel/studio/7.0/toolchain/avr8/avr8-gnu-toolchain/bin/../lib/gcc/avr/4.9.2/avr5\libgcc.a(_exit.o)
 *(.fini0)
                0x000020c6                _etext = .

.data           0x00800060       0xa2 load address 0x000020c6
                0x00800060                PROVIDE (__data_start, .)
 *(.data)
 *(.data*)
 .data.last.1862
                0x00800060        0x1 buttonMenu.o
 .data.k        0x00800061        0x1 buttonMenu.o
                0x00800061                k
 .data.ki       0x00800062        0x1 buttonMenu.o
                0x00800062                ki
 .data.kp       0x00800063        0x1 buttonMenu.o
                0x00800063                kp
 .data.LCD_base_y
                0x00800064        0x4 lcd.o
 .data.ledBank1
                0x00800068        0x1 LED_control.o
                0x00800068                ledBank1
 .data.T        0x00800069        0x4 motor_control.o
                0x00800069                T
 .data.Ki       0x0080006d        0x4 motor_control.o
                0x0080006d                Ki
 .data.Kp       0x00800071        0x4 motor_control.o
                0x00800071                Kp
 .data.windR    0x00800075        0x1 motor_control.o
                0x00800075                windR
 .data.windL    0x00800076        0x1 motor_control.o
                0x00800076                windL
 *(.rodata)
 .rodata        0x00800077       0x10 lcd.o
 *(.rodata*)
 .rodata.str1.1
                0x00800087       0x62 buttonMenu.o
 .rodata.str1.1
                0x008000e9        0x9 Floor_sensor.o
 .rodata.str1.1
                0x008000f2        0xa motor_control.o
 .rodata.str1.1
                0x008000fc        0x5 Wall_sensor.o
 *(.gnu.linkonce.d*)
                0x00800102                . = ALIGN (0x2)
 *fill*         0x00800101        0x1 
                0x00800102                _edata = .
                0x00800102                PROVIDE (__data_end, .)

.bss            0x00800102       0x4e
                0x00800102                PROVIDE (__bss_start, .)
 *(.bss)
 *(.bss*)
 .bss.runWallFlag
                0x00800102        0x1 buttonMenu.o
                0x00800102                runWallFlag
 .bss.runLineFlag
                0x00800103        0x1 buttonMenu.o
                0x00800103                runLineFlag
 .bss.oldData.1711
                0x00800104        0x1 Floor_sensor.o
 .bss.LCD_maxx  0x00800105        0x1 lcd.o
 .bss.LCD_y     0x00800106        0x1 lcd.o
 .bss.LCD_x     0x00800107        0x1 lcd.o
 .bss.blue.1553
                0x00800108        0x1 LED_control.o
 .bss.green.1552
                0x00800109        0x1 LED_control.o
 .bss.red.1551  0x0080010a        0x1 LED_control.o
 .bss.color.1554
                0x0080010b        0x1 LED_control.o
 .bss.counter   0x0080010c        0x1 LED_control.o
                0x0080010c                counter
 .bss.pwm       0x0080010d        0x1 LED_control.o
                0x0080010d                pwm
 .bss.RGB       0x0080010e        0x6 LED_control.o
                0x0080010e                RGB
 .bss.ledBank0  0x00800114        0x1 LED_control.o
                0x00800114                ledBank0
 .bss.lostLineFlag
                0x00800115        0x1 Logic.o
                0x00800115                lostLineFlag
 .bss.foundLineFlag
                0x00800116        0x1 Logic.o
                0x00800116                foundLineFlag
 .bss.highSpeedFlag
                0x00800117        0x1 Logic.o
                0x00800117                highSpeedFlag
 .bss.threeSixtyFlag
                0x00800118        0x1 Logic.o
                0x00800118                threeSixtyFlag
 .bss.stopFlag  0x00800119        0x1 Logic.o
                0x00800119                stopFlag
 .bss.sensorUpdateFlag
                0x0080011a        0x1 motor_control.o
                0x0080011a                sensorUpdateFlag
 .bss.sensorMotorL
                0x0080011b        0x1 motor_control.o
                0x0080011b                sensorMotorL
 .bss.sensorMotorR
                0x0080011c        0x1 motor_control.o
                0x0080011c                sensorMotorR
 .bss.sensorMotorL_temp
                0x0080011d        0x1 motor_control.o
                0x0080011d                sensorMotorL_temp
 .bss.sensorMotorR_temp
                0x0080011e        0x1 motor_control.o
                0x0080011e                sensorMotorR_temp
 .bss.errorR    0x0080011f        0x4 motor_control.o
                0x0080011f                errorR
 .bss.errorL    0x00800123        0x4 motor_control.o
                0x00800123                errorL
 .bss.intR      0x00800127        0x4 motor_control.o
                0x00800127                intR
 .bss.intL      0x0080012b        0x4 motor_control.o
                0x0080012b                intL
 .bss.dutyR     0x0080012f        0x2 motor_control.o
                0x0080012f                dutyR
 .bss.dutyL     0x00800131        0x2 motor_control.o
                0x00800131                dutyL
 *(COMMON)
 COMMON         0x00800133        0x1 bluetooth.o
                0x00800133                ReceivedByte
 COMMON         0x00800134       0x1c buttonMenu.o
                0x00800134                menuStr2
                0x00800142                menuStr1
                0x00800150                PROVIDE (__bss_end, .)
                0x000020c6                __data_load_start = LOADADDR (.data)
                0x00002168                __data_load_end = (__data_load_start + SIZEOF (.data))

.noinit         0x00800150        0x0
                0x00800150                PROVIDE (__noinit_start, .)
 *(.noinit*)
                0x00800150                PROVIDE (__noinit_end, .)
                0x00800150                _end = .
                0x00800150                PROVIDE (__heap_start, .)

.eeprom         0x00810000        0x0
 *(.eeprom*)
                0x00810000                __eeprom_end = .

.fuse
 *(.fuse)
 *(.lfuse)
 *(.hfuse)
 *(.efuse)

.lock
 *(.lock*)

.signature
 *(.signature*)

.user_signatures
 *(.user_signatures*)

.stab
 *(.stab)

.stabstr
 *(.stabstr)

.stab.excl
 *(.stab.excl)

.stab.exclstr
 *(.stab.exclstr)

.stab.index
 *(.stab.index)

.stab.indexstr
 *(.stab.indexstr)

.comment        0x00000000       0x5c
 *(.comment)
 .comment       0x00000000       0x30 ADC.o
                                 0x31 (size before relaxing)
 .comment       0x00000030       0x31 bluetooth.o
 .comment       0x00000030       0x31 buttonMenu.o
 .comment       0x00000030       0x31 Floor_sensor.o
 .comment       0x00000030       0x31 lcd.o
 .comment       0x00000030       0x31 LED_control.o
 .comment       0x00000030       0x31 Logic.o
 .comment       0x00000030       0x31 main.o
 .comment       0x00000030       0x31 motor_control.o
 .comment       0x00000030       0x31 Wall_sensor.o
 .comment       0x00000030       0x31 c:/program files (x86)/atmel/studio/7.0/toolchain/avr8/avr8-gnu-toolchain/bin/../lib/gcc/avr/4.9.2/../../../../avr/lib/avr5\libc.a(sprintf.o)
 .comment       0x00000030       0x2c c:/program files (x86)/atmel/studio/7.0/toolchain/avr8/avr8-gnu-toolchain/bin/../lib/gcc/avr/4.9.2/../../../../avr/lib/avr5\libc.a(vfprintf_std.o)
                                 0x2d (size before relaxing)
 .comment       0x0000005c       0x31 c:/program files (x86)/atmel/studio/7.0/toolchain/avr8/avr8-gnu-toolchain/bin/../lib/gcc/avr/4.9.2/../../../../avr/lib/avr5\libc.a(fputc.o)

.note.gnu.avr.deviceinfo
                0x00000000       0x3c
 .note.gnu.avr.deviceinfo
                0x00000000       0x3c C:/Program Files (x86)/Atmel/Studio/7.0/Packs/atmel/ATmega_DFP/1.0.90/gcc/dev/atmega32/avr5/crtatmega32.o

.note.gnu.build-id
 *(.note.gnu.build-id)

.debug
 *(.debug)

.line
 *(.line)

.debug_srcinfo
 *(.debug_srcinfo)

.debug_sfnames
 *(.debug_sfnames)

.debug_aranges  0x00000000      0x3f0
 *(.debug_aranges)
 .debug_aranges
                0x00000000       0x28 ADC.o
 .debug_aranges
                0x00000028       0x40 bluetooth.o
 .debug_aranges
                0x00000068       0x88 buttonMenu.o
 .debug_aranges
                0x000000f0       0x38 Floor_sensor.o
 .debug_aranges
                0x00000128       0x68 lcd.o
 .debug_aranges
                0x00000190       0xa8 LED_control.o
 .debug_aranges
                0x00000238       0x80 Logic.o
 .debug_aranges
                0x000002b8       0x20 main.o
 .debug_aranges
                0x000002d8       0xb8 motor_control.o
 .debug_aranges
                0x00000390       0x60 Wall_sensor.o

.debug_pubnames
 *(.debug_pubnames)

.debug_info     0x00000000     0x37be
 *(.debug_info .gnu.linkonce.wi.*)
 .debug_info    0x00000000       0xec ADC.o
 .debug_info    0x000000ec      0x51d bluetooth.o
 .debug_info    0x00000609      0x82e buttonMenu.o
 .debug_info    0x00000e37      0x357 Floor_sensor.o
 .debug_info    0x0000118e      0x5e5 lcd.o
 .debug_info    0x00001773      0x613 LED_control.o
 .debug_info    0x00001d86      0x7c9 Logic.o
 .debug_info    0x0000254f      0x315 main.o
 .debug_info    0x00002864      0x56f motor_control.o
 .debug_info    0x00002dd3      0x9eb Wall_sensor.o

.debug_abbrev   0x00000000     0x1127
 *(.debug_abbrev)
 .debug_abbrev  0x00000000       0x9f ADC.o
 .debug_abbrev  0x0000009f      0x172 bluetooth.o
 .debug_abbrev  0x00000211      0x248 buttonMenu.o
 .debug_abbrev  0x00000459      0x168 Floor_sensor.o
 .debug_abbrev  0x000005c1      0x1cd lcd.o
 .debug_abbrev  0x0000078e      0x1d3 LED_control.o
 .debug_abbrev  0x00000961      0x1fc Logic.o
 .debug_abbrev  0x00000b5d      0x15c main.o
 .debug_abbrev  0x00000cb9      0x246 motor_control.o
 .debug_abbrev  0x00000eff      0x228 Wall_sensor.o

.debug_line     0x00000000     0x11fe
 *(.debug_line .debug_line.* .debug_line_end)
 .debug_line    0x00000000       0xb2 ADC.o
 .debug_line    0x000000b2      0x149 bluetooth.o
 .debug_line    0x000001fb      0x262 buttonMenu.o
 .debug_line    0x0000045d      0x163 Floor_sensor.o
 .debug_line    0x000005c0      0x186 lcd.o
 .debug_line    0x00000746      0x272 LED_control.o
 .debug_line    0x000009b8      0x218 Logic.o
 .debug_line    0x00000bd0      0x1a8 main.o
 .debug_line    0x00000d78      0x253 motor_control.o
 .debug_line    0x00000fcb      0x233 Wall_sensor.o

.debug_frame    0x00000000      0xa2c
 *(.debug_frame)
 .debug_frame   0x00000000       0x34 ADC.o
 .debug_frame   0x00000034       0x9c bluetooth.o
 .debug_frame   0x000000d0      0x1f0 buttonMenu.o
 .debug_frame   0x000002c0       0xbc Floor_sensor.o
 .debug_frame   0x0000037c      0x10c lcd.o
 .debug_frame   0x00000488      0x17c LED_control.o
 .debug_frame   0x00000604      0x14c Logic.o
 .debug_frame   0x00000750       0x24 main.o
 .debug_frame   0x00000774      0x1ec motor_control.o
 .debug_frame   0x00000960       0xcc Wall_sensor.o

.debug_str      0x00000000      0x9f6
 *(.debug_str)
 .debug_str     0x00000000      0x15e ADC.o
                                0x197 (size before relaxing)
 .debug_str     0x0000015e      0x158 bluetooth.o
                                0x2c3 (size before relaxing)
 .debug_str     0x000002b6      0x1ad buttonMenu.o
                                0x34b (size before relaxing)
 .debug_str     0x00000463       0xc3 Floor_sensor.o
                                0x275 (size before relaxing)
 .debug_str     0x00000526       0xa6 lcd.o
                                0x236 (size before relaxing)
 .debug_str     0x000005cc      0x10c LED_control.o
                                0x280 (size before relaxing)
 .debug_str     0x000006d8      0x11c Logic.o
                                0x3da (size before relaxing)
 .debug_str     0x000007f4       0x83 main.o
                                0x28c (size before relaxing)
 .debug_str     0x00000877       0xf8 motor_control.o
                                0x363 (size before relaxing)
 .debug_str     0x0000096f       0x87 Wall_sensor.o
                                0x325 (size before relaxing)

.debug_loc      0x00000000     0x1b81
 *(.debug_loc)
 .debug_loc     0x00000000       0x40 ADC.o
 .debug_loc     0x00000040      0x19e bluetooth.o
 .debug_loc     0x000001de      0x664 buttonMenu.o
 .debug_loc     0x00000842      0x258 Floor_sensor.o
 .debug_loc     0x00000a9a      0x40d lcd.o
 .debug_loc     0x00000ea7      0x2fc LED_control.o
 .debug_loc     0x000011a3      0x402 Logic.o
 .debug_loc     0x000015a5       0x8d main.o
 .debug_loc     0x00001632      0x365 motor_control.o
 .debug_loc     0x00001997      0x1ea Wall_sensor.o

.debug_macinfo
 *(.debug_macinfo)

.debug_weaknames
 *(.debug_weaknames)

.debug_funcnames
 *(.debug_funcnames)

.debug_typenames
 *(.debug_typenames)

.debug_varnames
 *(.debug_varnames)

.debug_pubtypes
 *(.debug_pubtypes)

.debug_ranges   0x00000000      0x368
 *(.debug_ranges)
 .debug_ranges  0x00000000       0x18 ADC.o
 .debug_ranges  0x00000018       0x30 bluetooth.o
 .debug_ranges  0x00000048       0x90 buttonMenu.o
 .debug_ranges  0x000000d8       0x28 Floor_sensor.o
 .debug_ranges  0x00000100       0x58 lcd.o
 .debug_ranges  0x00000158       0x98 LED_control.o
 .debug_ranges  0x000001f0       0x70 Logic.o
 .debug_ranges  0x00000260       0x10 main.o
 .debug_ranges  0x00000270       0xa8 motor_control.o
 .debug_ranges  0x00000318       0x50 Wall_sensor.o

.debug_macro
 *(.debug_macro)
OUTPUT(Line Follower.elf elf32-avr)
LOAD linker stubs
